
          -------------------------------------------------------
          Amber 20 PMEMD                              2020
          -------------------------------------------------------

| PMEMD implementation of SANDER, Release 18

|  Compiled date/time: Sat Apr 25 13:41:03 2020
| Run on 06/04/2020 at 17:45:58

|   Executable path: pmemd
| Working directory: /home/ignacio/Git-Repos/torchani_amber_interface/amber_inputs/validate_interface_pmemd
|          Hostname: Unknown
  [-O]verwriting output

File Assignments:
|   MDIN: dynamics_cuda.in                                                      
|  MDOUT: outputs/dynamics_pmemd_cuda.out                                       
| INPCRD: tripeptide_min.ncrst                                                  
|   PARM: tripeptide.prmtop                                                     
| RESTRT: tmp                                                                   
|   REFC: refc                                                                  
|  MDVEL: mdvel                                                                 
|   MDEN: mden                                                                  
|  MDCRD: outputs/dynamics_pmemd_cuda.nc                                        
| MDINFO: tmp                                                                   
|  MDFRC: mdfrc                                                                 


 Here is the input file:

! Constant T dynamics                                                          
&cntrl                                                                         
 imin = 0                                                                      
 ntx = 1                                                                       
 ntpr = 100                                                                    
 ntwx = 100                                                                    
 nstlim = 10                                                                   
 dt = 0.001                                                                    
 ntf = 2  ! turn SHAKE on                                                      
 ntc = 2  ! turn SHAKE on                                                      
 tempi = 300.0                                                                 
 temp0 = 300.0                                                                 
 cut = 8.0                                                                     
 ntt = 3  ! langevin thermostat                                                
 gamma_ln = 2.0                                                                
 ig = 5541  ! seed set by hand for repeatability                               
 iextpot = 1                                                                   
/                                                                              
                                                                               
&extpot                                                                        
    extprog = "torchani"                                                       
    use_cuda_device = .true.                                                   
    cuda_device_index = 0                                                      
/                                                                              


| irandom = 1, using AMBER's internal random number generator (default).
 This loop was compiled
 
 
| Conditional Compilation Defines Used:
| PUBFFT
| BINTRAJ
| EMIL

| Largest sphere to fit in unit cell has radius =    12.500

| New format PARM file being parsed.
| Version =    1.000 Date = 05/22/20 Time = 02:21:17

| Note: 1-4 EEL scale factors are being read from the topology file.

| Note: 1-4 VDW scale factors are being read from the topology file.
| Duplicated    0 dihedrals

| Duplicated    0 dihedrals

--------------------------------------------------------------------------------
   1.  RESOURCE   USE: 
--------------------------------------------------------------------------------

 getting box info from netcdf restart file
 NATOM  =      22 NTYPES =       7 NBONH =      12 MBONA  =       9
 NTHETH =      25 MTHETA =      11 NPHIH =      43 MPHIA  =      24
 NHPARM =       0 NPARM  =       0 NNB   =      99 NRES   =       3
 NBONA  =       9 NTHETA =      11 NPHIA =      24 NUMBND =      11
 NUMANG =      21 NPTRA  =      20 NATYP =       8 NPHB   =       0
 IFBOX  =       1 NMXRS  =      10 IFCAP =       0 NEXTRA =       0
 NCOPY  =       0

| Coordinate Index Table dimensions:     5    5    5
| Direct force subcell size =     5.0000    5.0000    5.0000

     BOX TYPE: RECTILINEAR

--------------------------------------------------------------------------------
   2.  CONTROL  DATA  FOR  THE  RUN
--------------------------------------------------------------------------------

ACE                                                                             
