
          -------------------------------------------------------
          Amber 20 SANDER                              2020
          -------------------------------------------------------

| Run on 06/04/2020 at 18:35:09

|   Executable path: sander
| Working directory: /home/ignacio/Git-Repos/torchani_amber_interface/amber_inputs/validate_interface
|          Hostname: Unknown
  [-O]verwriting output

File Assignments:
|  MDIN: dynamics_cuda_double.in                                               
| MDOUT: outputs/dynamics_sander_cuda_double.out                               
|INPCRD: tripeptide_min.ncrst                                                  
|  PARM: tripeptide.prmtop                                                     
|RESTRT: tmp                                                                   
|  REFC: refc                                                                  
| MDVEL: mdvel                                                                 
| MDFRC: mdfrc                                                                 
|  MDEN: mden                                                                  
| MDCRD: outputs/dynamics_sander_cuda_double.nc                                
|MDINFO: tmp                                                                   
|  MTMD: mtmd                                                                  
|INPDIP: inpdip                                                                
|RSTDIP: rstdip                                                                
|INPTRA: inptraj                                                               


 Here is the input file:

! Constant T dynamics                                                          
&cntrl                                                                         
 imin = 0                                                                      
 ntx = 1                                                                       
 ntpr = 100                                                                    
 ntwx = 100                                                                    
 nstlim = 10                                                                   
 dt = 0.001                                                                    
 ntf = 2  ! turn SHAKE on                                                      
 ntc = 2  ! turn SHAKE on                                                      
 tempi = 300.0                                                                 
 temp0 = 300.0                                                                 
 cut = 8.0                                                                     
 ntt = 3  ! langevin thermostat                                                
 gamma_ln = 2.0                                                                
 ig = 5541  ! seed set by hand for repeatability                               
 iextpot = 1                                                                   
/                                                                              
                                                                               
&extpot                                                                        
    extprog = "torchani"                                                       
    use_double_precision = .true.                                              
    use_cuda_device = .true.                                                   
    cuda_device_index = 0                                                      
    model_type = "ani1x"                                                       
    model_index = -1                                                           
/                                                                              

--------------------------------------------------------------------------------
   1.  RESOURCE   USE: 
--------------------------------------------------------------------------------

| Flags:                                                                        
 getting box info from netcdf restart file
| NetCDF restart box info found
|Largest sphere to fit in unit cell has radius =    12.500
| New format PARM file being parsed.
| Version =    1.000 Date = 05/22/20 Time = 02:21:17
 NATOM  =      22 NTYPES =       7 NBONH =      12 MBONA  =       9
 NTHETH =      25 MTHETA =      11 NPHIH =      43 MPHIA  =      24
 NHPARM =       0 NPARM  =       0 NNB   =      99 NRES   =       3
 NBONA  =       9 NTHETA =      11 NPHIA =      24 NUMBND =      11
 NUMANG =      21 NPTRA  =      20 NATYP =       8 NPHB   =       0
 IFBOX  =       1 NMXRS  =      10 IFCAP =       0 NEXTRA =       0
 NCOPY  =       0


|     Memory Use     Allocated
|     Real              588112
|     Hollerith             71
|     Integer            23848
|     Max Pairs            231
|     nblistReal           264
|     nblist Int         33390
|       Total             4821 kbytes

| Note: 1-4 EEL scale factors are being read from the topology file.

| Note: 1-4 VDW scale factors are being read from the topology file.
| Duplicated    0 dihedrals
| Duplicated    0 dihedrals

     BOX TYPE: RECTILINEAR

--------------------------------------------------------------------------------
   2.  CONTROL  DATA  FOR  THE  RUN
--------------------------------------------------------------------------------

ACE                                                                             

General flags:
     imin    =       0, nmropt  =       0

Nature and format of input:
     ntx     =       1, irest   =       0, ntrx    =       1

Nature and format of output:
     ntxo    =       2, ntpr    =     100, ntrx    =       1, ntwr    =      10
     iwrap   =       0, ntwx    =     100, ntwv    =       0, ntwe    =       0
     ioutfm  =       1, ntwprt  =       0, idecomp =       0, rbornstat=      0

Potential function:
     ntf     =       2, ntb     =       1, igb     =       0, nsnb    =      25
     ipol    =       0, gbsa    =       0, iesp    =       0
     dielc   =   1.00000, cut     =   8.00000, intdiel =   1.00000

Frozen or restrained atoms:
     ibelly  =       0, ntr     =       0

Molecular dynamics:
     nstlim  =        10, nscm    =      1000, nrespa  =         1
     t       =   0.00000, dt      =   0.00100, vlimit  =  20.00000

Langevin dynamics temperature regulation:
     ig      =    5541
     temp0   = 300.00000, tempi   = 300.00000, gamma_ln=   2.00000

SHAKE:
     ntc     =       2, jfastw  =       0
     tol     =   0.00001

External library options:
     iextpot =       1
     extprog = torchani

Ewald parameters:
     verbose =       0, ew_type =       0, nbflag  =       1, use_pme =       1
     vdwmeth =       1, eedmeth =       1, netfrc  =       1
     Box X =   25.000   Box Y =   25.000   Box Z =   25.000
     Alpha =   90.000   Beta  =   90.000   Gamma =   90.000
     NFFT1 =   30       NFFT2 =   25       NFFT3 =   25
     Cutoff=    8.000   Tol   =0.100E-04
     Ewald Coefficient =  0.34864
     Interpolation order =    4
|  INFO: Old style inpcrd file read


--------------------------------------------------------------------------------
   3.  ATOMIC COORDINATES AND VELOCITIES
--------------------------------------------------------------------------------

ACE                                                                             
 begin time read from input coords =     0.000 ps

 Number of triangulated 3-point waters found:        0

     Sum of charges from parm topology file =  -0.00000000
     Forcing neutrality...

--------------------------------------------------------------------------------
   4.  RESULTS
--------------------------------------------------------------------------------

|  # of SOLUTE  degrees of freedom (RNDFP):      54.
|  # of SOLVENT degrees of freedom (RNDFS):       0.
|  NDFMIN =      54.     NUM_NOSHAKE =      0     CORRECTED RNDFP =      54.
|  TOTAL # of degrees of freedom (RNDF) =      54.
 ---------------------------------------------------
 APPROXIMATING switch and d/dx switch using CUBIC SPLINE INTERPOLATION
 using   5000.0 points per unit in tabled values
 TESTING RELATIVE ERROR over r ranging from 0.0 to cutoff
| CHECK switch(x): max rel err =   0.2738E-14   at   2.422500
| CHECK d/dx switch(x): max rel err =   0.8332E-11   at   2.782960
 ---------------------------------------------------
| Local SIZE OF NONBOND LIST =        133
| TOTAL SIZE OF NONBOND LIST =        133

 NSTEP =        0   TIME(PS) =       0.000  TEMP(K) =   445.75  PRESS =     0.0
 Etot   =   -310940.2254  EKtot   =        23.9162  EPtot      =   -310964.1416
 BOND   =         0.0000  ANGLE   =         0.0000  DIHED      =         0.0000
 1-4 NB =         0.0000  1-4 EEL =         0.0000  VDWAALS    =         0.0000
 EELEC  =         0.0000  EHBOND  =         0.0000  RESTRAINT  =         0.0000
 EAMBER (non-restraint)  =   -310964.1416
 Ewald error estimate:   0.0000E+00
 ------------------------------------------------------------------------------


      A V E R A G E S   O V E R      10 S T E P S


 NSTEP =       10   TIME(PS) =       0.010  TEMP(K) =   257.74  PRESS =     0.0
 Etot   =   -310944.7550  EKtot   =        13.8286  EPtot      =   -310958.5836
 BOND   =         0.0000  ANGLE   =         0.0000  DIHED      =         0.0000
 1-4 NB =         0.0000  1-4 EEL =         0.0000  VDWAALS    =         0.0000
 EELEC  =         0.0000  EHBOND  =         0.0000  RESTRAINT  =         0.0000
 EAMBER (non-restraint)  =   -310958.5836
 Ewald error estimate:   0.0000E+00
 ------------------------------------------------------------------------------


      R M S  F L U C T U A T I O N S


 NSTEP =       10   TIME(PS) =       0.010  TEMP(K) =    75.17  PRESS =     0.0
 Etot   =         0.3561  EKtot   =         4.0332  EPtot      =         3.9243
 BOND   =         0.0000  ANGLE   =         0.0000  DIHED      =         0.0000
 1-4 NB =         0.0000  1-4 EEL =         0.0000  VDWAALS    =         0.0000
 EELEC  =         0.0000  EHBOND  =         0.0000  RESTRAINT  =         0.0000
 EAMBER (non-restraint)  =         3.9243
 Ewald error estimate:   0.0000E+00
 ------------------------------------------------------------------------------


--------------------------------------------------------------------------------
   5.  TIMINGS
--------------------------------------------------------------------------------

|    Read coords time           0.00 ( 0.01% of Total)
|                Build the list             0.00 ( 1.98% of List )
|                Other                      0.01 (98.02% of List )
|             List time                  0.01 (100.0% of Nonbo)
|          Nonbond force              0.01 ( 1.08% of Force)
|          Other                      0.59 (98.92% of Force)
|       Force time                 0.60 (99.86% of Runmd)
|       Verlet update time         0.00 ( 0.08% of Runmd)
|       Other                      0.00 ( 0.06% of Runmd)
|    Runmd Time                 0.60 (17.35% of Total)
|    Other                      2.84 (82.64% of Total)
| Total time                 3.44 (100.0% of ALL  )

| Number of list builds   :          1

| Highest rstack allocated:      20918
| Highest istack allocated:          0

| Final Performance Info:
| -----------------------------------------------------
| Average timings for all steps:
|     Elapsed(s) =       0.60 Per Step(ms) =      59.68
|         ns/day =       1.45   seconds/ns =   59677.51
| -----------------------------------------------------

|           Job began  at 18:35:09.202  on 06/04/2020
|           Setup done at 18:35:12.044  on 06/04/2020
|           Run   done at 18:35:12.641  on 06/04/2020
|     wallclock() was called     141 times

|3D-RISM memory allocation summary
|Type          Maximum        Current   
|Integer       0.00000 GB     0.00000 GB
|Real          0.00000 GB     0.00000 GB
|Logical       0.00000 GB     0.00000 GB
|Character     0.00000 GB     0.00000 GB
|---------------------------------------
|Total         0.00000 GB     0.00000 GB
