
          -------------------------------------------------------
          Amber 20 PMEMD                              2020
          -------------------------------------------------------

| PMEMD implementation of SANDER, Release 18

|  Compiled date/time: Sat Apr 25 13:41:03 2020
| Run on 06/04/2020 at 18:38:36

|   Executable path: pmemd
| Working directory: /home/ignacio/Git-Repos/torchani_amber_interface/amber_inputs/validate_interface
|          Hostname: Unknown
  [-O]verwriting output

File Assignments:
|   MDIN: dynamics_cpu_double_ani1x.in                                          
|  MDOUT: outputs/dynamics_pmemd_cpu_double_ani1x.out                           
| INPCRD: tripeptide_min.ncrst                                                  
|   PARM: tripeptide.prmtop                                                     
| RESTRT: tmp                                                                   
|   REFC: refc                                                                  
|  MDVEL: mdvel                                                                 
|   MDEN: mden                                                                  
|  MDCRD: outputs/dynamics_pmemd_cpu_double_ani1x.nc                            
| MDINFO: tmp                                                                   
|  MDFRC: mdfrc                                                                 


 Here is the input file:

! Constant T dynamics                                                          
&cntrl                                                                         
 imin = 0                                                                      
 ntx = 1                                                                       
 ntpr = 100                                                                    
 ntwx = 100                                                                    
 nstlim = 10                                                                   
 dt = 0.001                                                                    
 ntf = 2  ! turn SHAKE on                                                      
 ntc = 2  ! turn SHAKE on                                                      
 tempi = 300.0                                                                 
 temp0 = 300.0                                                                 
 cut = 8.0                                                                     
 ntt = 3  ! langevin thermostat                                                
 gamma_ln = 2.0                                                                
 ig = 5541  ! seed set by hand for repeatability                               
 iextpot = 1                                                                   
/                                                                              
                                                                               
&extpot                                                                        
    extprog = "torchani"                                                       
    use_double_precision = .true.                                              
    use_cuda_device = .false.                                                  
    cuda_device_index = -1                                                     
    model_type = "ani1x"                                                       
    model_index = -1                                                           
/                                                                              


| irandom = 1, using AMBER's internal random number generator (default).
 This loop was compiled
 
 
| Conditional Compilation Defines Used:
| PUBFFT
| BINTRAJ
| EMIL

| Largest sphere to fit in unit cell has radius =    12.500

| New format PARM file being parsed.
| Version =    1.000 Date = 05/22/20 Time = 02:21:17

| Note: 1-4 EEL scale factors are being read from the topology file.

| Note: 1-4 VDW scale factors are being read from the topology file.
| Duplicated    0 dihedrals

| Duplicated    0 dihedrals

--------------------------------------------------------------------------------
   1.  RESOURCE   USE: 
--------------------------------------------------------------------------------

 getting box info from netcdf restart file
 NATOM  =      22 NTYPES =       7 NBONH =      12 MBONA  =       9
 NTHETH =      25 MTHETA =      11 NPHIH =      43 MPHIA  =      24
 NHPARM =       0 NPARM  =       0 NNB   =      99 NRES   =       3
 NBONA  =       9 NTHETA =      11 NPHIA =      24 NUMBND =      11
 NUMANG =      21 NPTRA  =      20 NATYP =       8 NPHB   =       0
 IFBOX  =       1 NMXRS  =      10 IFCAP =       0 NEXTRA =       0
 NCOPY  =       0

| Coordinate Index Table dimensions:     5    5    5
| Direct force subcell size =     5.0000    5.0000    5.0000

     BOX TYPE: RECTILINEAR

--------------------------------------------------------------------------------
   2.  CONTROL  DATA  FOR  THE  RUN
--------------------------------------------------------------------------------

ACE                                                                             

General flags:
     imin    =       0, nmropt  =       0

Nature and format of input:
     ntx     =       1, irest   =       0, ntrx    =       1

Nature and format of output:
     ntxo    =       2, ntpr    =     100, ntrx    =       1, ntwr    =      10
     iwrap   =       0, ntwx    =     100, ntwv    =       0, ntwe    =       0
     ioutfm  =       1, ntwprt  =       0, idecomp =       0, rbornstat=      0

Potential function:
     ntf     =       2, ntb     =       1, igb     =       0, nsnb    =      25
     ipol    =       0, gbsa    =       0, iesp    =       0
     dielc   =   1.00000, cut     =   8.00000, intdiel =   1.00000

Frozen or restrained atoms:
     ibelly  =       0, ntr     =       0

Molecular dynamics:
     nstlim  =        10, nscm    =      1000, nrespa  =         1
     t       =   0.00000, dt      =   0.00100, vlimit  =  20.00000

Langevin dynamics temperature regulation:
     ig      =    5541
     temp0   = 300.00000, tempi   = 300.00000, gamma_ln=   2.00000

SHAKE:
     ntc     =       2, jfastw  =       0
     tol     =   0.00001

External library options:
     iextpot =       1
     extprog = torchani                                                                                                                                                                                                                                                        

| Intermolecular bonds treatment:
|     no_intermolecular_bonds =       1

| Energy averages sample interval:
|     ene_avg_sampling =     100

Ewald parameters:
     verbose =       0, ew_type =       0, nbflag  =       1, use_pme =       1
     vdwmeth =       1, eedmeth =       1, netfrc  =       1
     Box X =   25.000   Box Y =   25.000   Box Z =   25.000
     Alpha =   90.000   Beta  =   90.000   Gamma =   90.000
     NFFT1 =   30       NFFT2 =   25       NFFT3 =   25
     Cutoff=    8.000   Tol   =0.100E-04
     Ewald Coefficient =  0.34864
     Interpolation order =    4

--------------------------------------------------------------------------------
   3.  ATOMIC COORDINATES AND VELOCITIES
--------------------------------------------------------------------------------

ACE                                                                             
 begin time read from input coords =     0.000 ps

 
 Number of triangulated 3-point waters found:        0

     Sum of charges from parm topology file =  -0.00000000
     Forcing neutrality...

| Dynamic Memory, Types Used:
| Reals              123696
| Integers             2297

| Nonbonded Pairs Initial Allocation:        3674

--------------------------------------------------------------------------------
   4.  RESULTS
--------------------------------------------------------------------------------

 ---------------------------------------------------
 APPROXIMATING switch and d/dx switch using CUBIC SPLINE INTERPOLATION
 using   5000.0 points per unit in tabled values
 TESTING RELATIVE ERROR over r ranging from 0.0 to cutoff
| CHECK switch(x): max rel err =   0.2738E-14   at   2.422500
| CHECK d/dx switch(x): max rel err =   0.8332E-11   at   2.782960
 ---------------------------------------------------
|---------------------------------------------------
| APPROXIMATING direct energy using CUBIC SPLINE INTERPOLATION
|  with   50.0 points per unit in tabled values
| Relative Error Limit not exceeded for r .gt.   2.47
| APPROXIMATING direct force using CUBIC SPLINE INTERPOLATION
|  with   50.0 points per unit in tabled values
| Relative Error Limit not exceeded for r .gt.   2.89
|---------------------------------------------------

 NSTEP =        0   TIME(PS) =       0.000  TEMP(K) =   445.75  PRESS =     0.0
 Etot   =   -310940.2254  EKtot   =        23.9162  EPtot      =   -310964.1416
 BOND   =         0.0000  ANGLE   =         0.0000  DIHED      =         0.0000
 1-4 NB =         0.0000  1-4 EEL =         0.0000  VDWAALS    =         0.0000
 EELEC  =         0.0000  EHBOND  =         0.0000  RESTRAINT  =         0.0000
 Ewald error estimate:   0.0000E+00
 ------------------------------------------------------------------------------

--------------------------------------------------------------------------------
   5.  TIMINGS
--------------------------------------------------------------------------------

|  NonSetup CPU Time in Major Routines:
|
|     Routine           Sec        %
|     ------------------------------
|     Nonbond           0.00    0.00
|     Bond              0.00    0.00
|     Angle             0.00    0.00
|     Dihedral          0.00    0.00
|     Shake             0.00    0.01
|     RunMD             0.89   99.99
|     Other             0.00    0.00
|     ------------------------------
|     Total             0.89

|  PME Nonbond Pairlist CPU Time:
|
|     Routine              Sec        %
|     ---------------------------------
|     Set Up Cit           0.00    0.00
|     Build List           0.00    0.00
|     ---------------------------------
|     Total                0.00    0.00

|  PME Direct Force CPU Time:
|
|     Routine              Sec        %
|     ---------------------------------
|     NonBonded Calc       0.00    0.00
|     Exclude Masked       0.00    0.00
|     Other                0.00    0.00
|     ---------------------------------
|     Total                0.00    0.00

|  PME Reciprocal Force CPU Time:
|
|     Routine              Sec        %
|     ---------------------------------
|     1D bspline           0.00    0.00
|     Grid Charges         0.00    0.00
|     Scalar Sum           0.00    0.00
|     Gradient Sum         0.00    0.00
|     FFT                  0.00    0.00
|     ---------------------------------
|     Total                0.00    0.00

|  Final Performance Info:
|     -----------------------------------------------------
|     Average timings for last      10 steps:
|     Elapsed(s) =       0.68 Per Step(ms) =      68.43
|         ns/day =       1.26   seconds/ns =   68432.20
|
|     Average timings for all steps:
|     Elapsed(s) =       0.68 Per Step(ms) =      68.43
|         ns/day =       1.26   seconds/ns =   68432.20
|     -----------------------------------------------------

|  Setup CPU time:            0.11 seconds
|  NonSetup CPU time:         0.89 seconds
|  Total CPU time:            1.00 seconds     0.00 hours

|  Setup wall time:           0    seconds
|  NonSetup wall time:        1    seconds
|  Total wall time:           1    seconds     0.00 hours
